// Jest Snapshot v1, https://goo.gl/fbAQLP

exports[`App should render correctly 1`] = `
<View
  style={
    Object {
      "left": 0,
      "opacity": 0,
      "position": "absolute",
      "right": 0,
      "top": 0,
      "transform": Array [
        Object {
          "translateY": -48,
        },
      ],
      "zIndex": 99,
    }
  }
/>
`;
